// Vitest Snapshot v1, https://vitest.dev/guide/snapshot.html

exports[`Rewards > renders properly with rewards list 1`] = `
"<ul data-v-152e77f7="">
  <li data-v-152e77f7="" style="animation-delay: 0s;"><img data-v-152e77f7="" src="test1.jpg" alt="Reward 1"><span data-v-152e77f7="">Lvl 1: Reward 1</span></li>
  <li data-v-152e77f7="" style="animation-delay: 0.1s;"><img data-v-152e77f7="" src="test2.jpg" alt="Reward 2"><span data-v-152e77f7="">Lvl 2: Reward 2</span></li>
  <li data-v-152e77f7="" style="animation-delay: 0.2s;"><img data-v-152e77f7="" src="test3.jpg" alt="Reward 3"><span data-v-152e77f7="">Lvl 3: Reward 3</span></li>
  <li data-v-152e77f7="" style="animation-delay: 0.30000000000000004s;"><img data-v-152e77f7="" src="test4.jpg" alt="Reward 4"><span data-v-152e77f7="">Lvl 4: Reward 4</span></li>
  <li data-v-152e77f7="" style="animation-delay: 0.4s;"><img data-v-152e77f7="" src="test5.jpg" alt="Reward 5"><span data-v-152e77f7="">Lvl 5: Reward 5</span></li>
</ul>"
`;
